---
source: tests/models/user.rs
assertion_line: 174
expression: result
---
Ok(
    User {
        id: 44,
        pid: 4c008e68-88fa-4072-808e-6888fa60724c,
        name: "Morgan Grimes",
        email: "morgan@silk.io",
        password_hash: "$argon2d$v=19$m=16,t=2,p=1$cTZhOHVtY2dJTzBqYTBudw$/704JvCsW23pidisyXK+Tw",
        verified_at: Some(
            DATEZ,
        ),
        verification_token_hash: None,
        verification_token_expires_at: None,
        reset_token_hash: None,
        reset_token_expires_at: None,
        created_at: DATEZ,
        updated_at: DATEZ,
        deleted_at: None,
    },
)
