---
source: tests/models/categories.rs
expression: result
---
Ok(
    PaginatedModel {
        data: [
            CategoryResponse {
                id: 105,
                pid: 140c7205-f399-4aa9-9fa8-675df4aaf105,
                name: "accessories",
                slug: "accessories",
                image_link: "https://images.unsplash.com/photo-1523779917675-b6ed3a42a561?auto=format&fit=crop&w=900&q=80",
                description: Some(
                    "Finishing pieces designed to complement the core Silk wardrobe.",
                ),
                parent_id: None,
                parent_name: None,
                product_count: 3,
                created_at: 2026-06-26T08:18:00+00:00,
                updated_at: 2026-06-26T08:18:00+00:00,
                deleted_at: None,
            },
        ],
        pagination: Pagination {
            page: 1,
            limit: 1,
            total_items: 5,
            total_pages: 5,
            has_next: true,
            has_prev: false,
        },
    },
)
