---
source: tests/models/categories.rs
expression: result
---
Ok(
    Category {
        id: ID,
        pid: PID,
        name: "trousers",
        image_link: "https://cdn.example.com/categories/trousers.png",
        description: None,
        parent_id: None,
        created_at: DATE,
        updated_at: DATE,
        deleted_at: Some(
            DATE,
        ),
    },
)
