---
source: tests/models/categories.rs
expression: result
---
Ok(
    PaginatedModel {
        data: [
            Category {
                id: 103,
                pid: 6f042674-322f-4933-afc8-1d3fd75599f6,
                name: "shoes",
                image_link: "https://cdn.example.com/categories/shoes.png",
                description: None,
                parent_id: None,
                created_at: 2026-06-26T08:16:00+00:00,
                updated_at: 2026-06-26T08:16:00+00:00,
                deleted_at: None,
            },
        ],
        pagination: Pagination {
            page: 1,
            limit: 1,
            total_items: 3,
            total_pages: 3,
            has_next: true,
            has_prev: false,
        },
    },
)
