---
source: tests/requests/orders.rs
expression: "(response.status_code(), body)"
---
(
    200,
    Object {
        "data": Array [],
        "pagination": Object {
            "page": Number(1),
            "limit": Number(20),
            "totalItems": Number(0),
            "totalPages": Number(0),
            "hasNext": Bool(false),
            "hasPrev": Bool(false),
        },
    },
)
