---
source: tests/models/products/pictures.rs
assertion_line: 89
expression: result
---
Ok(
    Picture {
        id: ID,
        pid: PID,
        product_id: ID,
        variant_id: None,
        image_link: "https://cdn.example.com/products/leather-bag-detail.png",
        display_order: None,
        media_asset_id: None,
        created_at: DATE,
        updated_at: DATE,
    },
)
