---
source: tests/requests/categories.rs
expression: "(response.status_code(), response.text())"
---
(
    200,
    "{\"data\":[{\"id\":103,\"pid\":\"PID\",\"name\":\"shoes\",\"slug\":\"shoes\",\"imageLink\":\"https://images.unsplash.com/photo-1542291026-7eec264c27ff?auto=format&fit=crop&w=900&q=80\",\"description\":null,\"parentId\":null,\"parentName\":null,\"productCount\":2,\"createdAt\":\"DATE\",\"updatedAt\":\"DATE\",\"deletedAt\":null},{\"id\":102,\"pid\":\"PID\",\"name\":\"trousers\",\"slug\":\"trousers\",\"imageLink\":\"https://images.unsplash.com/photo-1594633312681-425c7b97ccd1?auto=format&fit=crop&w=900&q=80\",\"description\":null,\"parentId\":null,\"parentName\":null,\"productCount\":2,\"createdAt\":\"DATE\",\"updatedAt\":\"DATE\",\"deletedAt\":null}],\"pagination\":{\"page\":2,\"limit\":2,\"totalItems\":5,\"totalPages\":3,\"hasNext\":true,\"hasPrev\":true}}",
)
