---
source: tests/requests/categories.rs
expression: "(response.status_code(), response.text())"
---
(
    201,
    "{\"id\":1004,\"pid\":\"PID\",\"name\":\"sneakers\",\"slug\":\"sneakers\",\"imageLink\":\"https://cdn.example.com/categories/sneakers.png\",\"description\":\"Casual shoes\",\"parentId\":null,\"createdAt\":\"DATE\",\"updatedAt\":\"DATE\",\"deletedAt\":null}",
)
