---
source: tests/requests/categories.rs
expression: "(response.status_code(), response.text())"
---
(
    201,
    "{\"id\":1,\"pid\":\"PID\",\"name\":\"homeware\",\"slug\":\"homeware\",\"imageLink\":\"https://cdn.example.com/categories/homeware.png\",\"description\":\"Textiles and decorative objects\",\"parentId\":null,\"createdAt\":\"DATE\",\"updatedAt\":\"DATE\",\"deletedAt\":null}",
)
