---
source: tests/requests/categories.rs
expression: "(response.status_code(), response.text())"
---
(
    200,
    "{\"data\":[{\"id\":101,\"pid\":\"PID\",\"name\":\"t-shirts\",\"imageLink\":\"https://cdn.example.com/categories/tshirts.png\",\"description\":null,\"parentId\":null,\"createdAt\":\"DATE\",\"updatedAt\":\"DATE\",\"deletedAt\":null}],\"pagination\":{\"page\":2,\"limit\":2,\"totalItems\":3,\"totalPages\":2,\"hasNext\":false,\"hasPrev\":true}}",
)
