---
source: tests/requests/categories.rs
expression: "(response.status_code(), response.text())"
---
(
    200,
    "{\"data\":[{\"id\":102,\"pid\":\"PID\",\"name\":\"trousers\",\"slug\":\"trousers\",\"imageLink\":\"https://cdn.example.com/categories/trousers.png\",\"description\":null,\"parentId\":null,\"createdAt\":\"DATE\",\"updatedAt\":\"DATE\",\"deletedAt\":null}],\"pagination\":{\"page\":1,\"limit\":20,\"totalItems\":1,\"totalPages\":1,\"hasNext\":false,\"hasPrev\":false}}",
)
