---
source: tests/requests/categories.rs
expression: "(response.status_code(), response.text())"
---
(
    204,
    "{\"id\":105,\"pid\":\"PID\",\"name\":\"accessories\",\"slug\":\"accessories\",\"imageLink\":\"https://cdn.example.com/categories/accessories.png\",\"description\":\"Bags and belts\",\"parentId\":null,\"createdAt\":\"DATE\",\"updatedAt\":\"DATE\",\"deletedAt\":\"DATE\"}",
)
