---
source: tests/requests/categories.rs
expression: "(response.status_code(), response.text())"
---
(
    201,
    "{\"id\":102,\"pid\":\"PID\",\"name\":\"trousers\",\"imageLink\":\"https://cdn.example.com/categories/trousers.png\",\"description\":\"Casual and formal trousers\",\"parentId\":null,\"createdAt\":\"DATE\",\"updatedAt\":\"DATE\",\"deletedAt\":null}",
)
