---
source: tests/requests/categories.rs
expression: "(response.status_code(), response.text())"
---
(
    200,
    "{\"data\":[{\"id\":103,\"pid\":\"PID\",\"name\":\"shoes\",\"slug\":\"shoes\",\"imageLink\":\"https://images.unsplash.com/photo-1542291026-7eec264c27ff?auto=format&fit=crop&w=900&q=80\",\"description\":null,\"parentId\":null,\"parentName\":null,\"productCount\":2,\"createdAt\":\"DATE\",\"updatedAt\":\"DATE\",\"deletedAt\":null}],\"pagination\":{\"page\":1,\"limit\":20,\"totalItems\":1,\"totalPages\":1,\"hasNext\":false,\"hasPrev\":false}}",
)
