---
source: tests/models/products/attributes.rs
expression: result
---
Ok(
    Attribute {
        id: 201,
        pid: 3516b141-5ffc-402a-8f7c-557d277b3101,
        name: "colour",
        description: Some(
            "The colour or finish used to distinguish product variants.",
        ),
        created_at: DATE,
        updated_at: DATE,
    },
)
