---
source: tests/requests/users.rs
expression: "(response.status_code(), response.text())"
---
(
    200,
    "[{\"id\":55,\"pid\":\"PID\",\"name\":\"System Administrator\",\"email\":\"admin@silk.com\",\"image\":\"https://randomuser.me/api/portraits/men/75.jpg\",\"verified\":true,\"roles\":[{\"id\":11,\"pid\":\"PID\",\"name\":\"administrator\",\"description\":\"System administrator\"}],\"createdAt\":\"DATE\",\"updatedAt\":\"DATE\"}]",
)
