---
source: tests/models/order_items.rs
expression: items
---
[
    OrderItem {
        id: ID,
        pid: PID,
        order_id: ID,
        product_id: Some(
            201,
        ),
        variant_id: Some(
            201,
        ),
        product_pid: PID,
        variant_pid: PID,
        product_slug: Some(
            "classic-cotton-t-shirt",
        ),
        image_url: Some(
            "https://images.unsplash.com/photo-1521572163474-6864f9cf17ab?auto=format&fit=crop&w=900&q=80",
        ),
        product_name: "Classic Cotton T-shirt",
        sku: "TSHIRT-BLK-M",
        selected_options: Json(
            Object {
                "Size": String("M"),
                "Colour": String("Black"),
            },
        ),
        quantity: 1,
        unit_price: 24.99,
        discount_total: 0,
        tax_total: 4.50,
        line_total: 29.49,
        created_at: DATE,
        updated_at: DATE,
    },
]
