---
source: tests/requests/products.rs
expression: "(response.status_code(), response.text())"
---
(
    200,
    "{\"data\":[{\"pid\":\"PID\",\"slug\":\"court-leather-sneakers\",\"name\":\"Court Leather Sneakers\",\"description\":\"Low-profile leather sneakers with cushioned insoles.\",\"information\":{\"Care\":\"Wipe clean\",\"Material\":\"Leather\",\"Sole\":\"Rubber\"},\"category\":{\"id\":103,\"pid\":\"PID\",\"name\":\"shoes\",\"slug\":\"shoes\"},\"primaryImage\":\"https://images.unsplash.com/photo-1608231387042-66d1773070a5?auto=format&fit=crop&w=900&q=80\",\"defaultVariant\":{\"pid\":\"PID\",\"sku\":\"SNEAKER-WHT-42\",\"price\":\"89.99\",\"stockQuantity\":9},\"variantCount\":7,\"optionCount\":2,\"totalStock\":67,\"createdAt\":\"DATE\",\"updatedAt\":\"DATE\",\"deletedAt\":null}],\"pagination\":{\"page\":1,\"limit\":10,\"totalItems\":1,\"totalPages\":1,\"hasNext\":false,\"hasPrev\":false}}",
)
