---
source: tests/requests/roles.rs
expression: "(response.status_code(), response.text())"
---
(
    201,
    "{\"id\":22,\"pid\":\"PID\",\"name\":\"vip customer\",\"description\":\"Priority shoppers\",\"users\":[{\"pid\":\"PID\",\"name\":\"Jane Smith\",\"email\":\"jane.smith@globex.com\",\"image\":\"https://randomuser.me/api/portraits/women/44.jpg\"},{\"pid\":\"PID\",\"name\":\"John Doe\",\"email\":\"john.doe@acme.com\",\"image\":\"https://randomuser.me/api/portraits/men/32.jpg\"},{\"pid\":\"PID\",\"name\":\"Morgan Grimes\",\"email\":\"morgan@silk.io\",\"image\":\"https://randomuser.me/api/portraits/women/65.jpg\"}],\"createdAt\":\"DATE\",\"updatedAt\":\"DATE\"}",
)
