---
source: tests/requests/roles.rs
expression: "(response.status_code(), response.text())"
---
(
    200,
    "{\"id\":11,\"pid\":\"PID\",\"name\":\"administrator\",\"description\":\"System administrator\",\"users\":[{\"pid\":\"PID\",\"name\":\"John Doe\",\"email\":\"john.doe@acme.com\",\"image\":\"https://randomuser.me/api/portraits/men/32.jpg\"},{\"pid\":\"PID\",\"name\":\"System Administrator\",\"email\":\"admin@silk.com\",\"image\":\"https://randomuser.me/api/portraits/men/75.jpg\"}],\"createdAt\":\"DATE\",\"updatedAt\":\"DATE\"}",
)
