---
source: tests/requests/auth.rs
expression: "(response.status_code(), response.headers(), response.text())"
---
(
    400,
    {
        "content-type": "application/json",
        "content-length": "NUMBER",
    },
    "{\"error\":\"{\\\"name\\\":\\\"Only letters, numbers and underscores can be used.\\\"}\"}",
)
