---
source: tests/requests/auth.rs
assertion_line: 187
expression: "(response.status_code(), response.headers(),response.text())"
---
(
    400,
    {
        "content-type": "application/json",
        "content-length": "NUMBER",
    },
    "{\"error\":\"{\\\"email\\\":\\\"Invalid email address\\\"}\"}",
)
