---
source: tests/requests/auth.rs
assertion_line: 158
expression: "(response.status_code(), response.headers(),response.text())"
---
(
    400,
    {
        "content-type": "application/json",
        "content-length": "NUMBER",
    },
    "{\"error\":\"{\\\"password\\\":\\\"Password must be atleast 8 characters long\\\"}\"}",
)
